2026-02-25 11:33:30,977 - INFO - Processing: client_message.md
2026-02-25 11:33:31,006 - INFO - Plan created: plan_client_message.md
2026-02-25 11:33:31,013 - INFO - Draft ready for approval: client_message.md
2026-02-25 11:33:31,020 - INFO - Processing: contract_renewal.md
2026-02-25 11:33:31,058 - INFO - Plan created: plan_contract_renewal.md
2026-02-25 11:33:31,067 - INFO - Draft ready for approval: contract_renewal.md
2026-02-25 11:33:31,073 - INFO - Processing: final_test.md
2026-02-25 11:33:31,111 - INFO - Plan created: plan_final_test.md
2026-02-25 11:33:31,119 - INFO - Draft ready for approval: final_test.md
2026-02-25 11:33:31,124 - INFO - Processing: live_test.md
2026-02-25 11:33:31,159 - INFO - Plan created: plan_live_test.md
2026-02-25 11:33:31,167 - INFO - Draft ready for approval: live_test.md
2026-02-25 11:33:31,171 - INFO - Processing: new_task.md
2026-02-25 11:33:31,203 - INFO - Plan created: plan_new_task.md
2026-02-25 11:33:31,211 - INFO - Draft ready for approval: new_task.md
2026-02-25 11:33:31,216 - INFO - Processing: SIM_MCP_1772000595828.md
2026-02-25 11:33:31,255 - INFO - Plan created: plan_SIM_MCP_1772000595828.md
2026-02-25 11:33:31,265 - INFO - Draft ready for approval: SIM_MCP_1772000595828.md
2026-02-25 11:33:31,270 - INFO - Processing: TEST_URGENT_001.md
2026-02-25 11:33:31,304 - INFO - Plan created: plan_TEST_URGENT_001.md
2026-02-25 11:33:31,313 - INFO - Draft ready for approval: TEST_URGENT_001.md
2026-02-25 11:33:31,317 - INFO - Processing: TEST_urgent_email.md
2026-02-25 11:33:31,353 - INFO - Plan created: plan_TEST_urgent_email.md
2026-02-25 11:33:31,361 - INFO - Draft ready for approval: TEST_urgent_email.md
2026-02-25 11:33:31,366 - INFO - Processing: urgent_invoice.md
2026-02-25 11:33:31,407 - INFO - Plan created: plan_urgent_invoice.md
2026-02-25 11:33:31,414 - INFO - Draft ready for approval: urgent_invoice.md
2026-02-25 11:33:31,421 - INFO - Reasoning loop complete: 9/9 processed
